baseHardwere.c:15:10:Get_SystemClock	4	static
baseHardwere.c:20:6:Delay_Init	4	static
baseHardwere.c:31:6:Delay_ms	24	static
baseHardwere.c:41:6:delay	16	static
baseHardwere.c:46:6:SystemClock_Config_rieng	16	static
baseHardwere.c:74:6:Delay_us	40	static
baseHardwere.c:110:6:onModulSim	8	static
baseHardwere.c:120:6:offModulSim	8	static
baseHardwere.c:131:6:NVIC_config	16	static
baseHardwere.c:152:6:gpio_init	16	static
baseHardwere.c:192:6:led_debug_on	8	static
baseHardwere.c:196:6:led_debug_off	8	static
baseHardwere.c:200:6:led_SendUartDone	16	static
baseHardwere.c:210:6:UART2_config_os	24	static
baseHardwere.c:229:6:USART1_Sim_A7600C1_Config	24	static
baseHardwere.c:249:10:Gettick	4	static
baseHardwere.c:253:6:sim_state_machine_init	4	static
baseHardwere.c:263:6:set_state	16	static
baseHardwere.c:274:9:Sim_checkResponse	24	static
baseHardwere.c:286:6:step_state_machine	16	static
